{
	"some": "time",
	"root": {
		"level1": {
			"hello": "hi",
			"level2": {
				"c": "vc",
				"a": "va",
				"b": "vb"
			}
		}	
	},
	"any": "thing" 

}